Collecting mlx-lm==0.31.3
  Using cached mlx_lm-0.31.3-py3-none-any.whl.metadata (9.5 kB)
Collecting mlx>=0.31.2 (from mlx-lm==0.31.3)
  Downloading mlx-0.32.2-cp312-cp312-macosx_26_0_arm64.whl.metadata (5.9 kB)
Collecting numpy (from mlx-lm==0.31.3)
  Downloading numpy-2.5.2-cp312-cp312-macosx_14_0_arm64.whl.metadata (6.6 kB)
Collecting transformers>=5.0.0 (from mlx-lm==0.31.3)
  Downloading transformers-5.15.1-py3-none-any.whl.metadata (32 kB)
Collecting sentencepiece (from mlx-lm==0.31.3)
  Downloading sentencepiece-0.2.2-cp312-cp312-macosx_11_0_arm64.whl.metadata (33 kB)
Collecting protobuf (from mlx-lm==0.31.3)
  Downloading protobuf-7.36.0-cp310-abi3-macosx_10_9_universal2.whl.metadata (595 bytes)
Collecting pyyaml (from mlx-lm==0.31.3)
  Using cached pyyaml-6.0.3-cp312-cp312-macosx_11_0_arm64.whl.metadata (2.4 kB)
Collecting jinja2 (from mlx-lm==0.31.3)
  Using cached jinja2-3.1.6-py3-none-any.whl.metadata (2.9 kB)
Collecting mlx-metal==0.32.2 (from mlx>=0.31.2->mlx-lm==0.31.3)
  Downloading mlx_metal-0.32.2-py3-none-macosx_26_0_arm64.whl.metadata (5.1 kB)
Collecting huggingface-hub<2.0,>=1.5.0 (from transformers>=5.0.0->mlx-lm==0.31.3)
  Downloading huggingface_hub-1.28.0-py3-none-any.whl.metadata (16 kB)
Collecting packaging>=20.0 (from transformers>=5.0.0->mlx-lm==0.31.3)
  Using cached packaging-26.3-py3-none-any.whl.metadata (3.5 kB)
Collecting regex>=2025.10.22 (from transformers>=5.0.0->mlx-lm==0.31.3)
  Downloading regex-2026.7.19-cp312-cp312-macosx_11_0_arm64.whl.metadata (40 kB)
Collecting tokenizers<=0.23.0,>=0.22.0 (from transformers>=5.0.0->mlx-lm==0.31.3)
  Using cached tokenizers-0.22.2-cp39-abi3-macosx_11_0_arm64.whl.metadata (7.3 kB)
Collecting typer (from transformers>=5.0.0->mlx-lm==0.31.3)
  Downloading typer-0.27.1-py3-none-any.whl.metadata (16 kB)
Collecting safetensors>=0.8.0 (from transformers>=5.0.0->mlx-lm==0.31.3)
  Downloading safetensors-0.8.0-cp310-abi3-macosx_11_0_arm64.whl.metadata (4.2 kB)
Collecting tqdm>=4.60 (from transformers>=5.0.0->mlx-lm==0.31.3)
  Using cached tqdm-4.70.0-py3-none-any.whl.metadata (57 kB)
Collecting click<9.0.0,>=8.4.2 (from huggingface-hub<2.0,>=1.5.0->transformers>=5.0.0->mlx-lm==0.31.3)
  Downloading click-8.4.2-py3-none-any.whl.metadata (2.6 kB)
Collecting filelock>=3.10.0 (from huggingface-hub<2.0,>=1.5.0->transformers>=5.0.0->mlx-lm==0.31.3)
  Downloading filelock-3.32.4-py3-none-any.whl.metadata (2.0 kB)
Collecting fsspec>=2023.5.0 (from huggingface-hub<2.0,>=1.5.0->transformers>=5.0.0->mlx-lm==0.31.3)
  Downloading fsspec-2026.7.0-py3-none-any.whl.metadata (10 kB)
Collecting hf-xet<2.0.0,>=1.5.2 (from huggingface-hub<2.0,>=1.5.0->transformers>=5.0.0->mlx-lm==0.31.3)
  Using cached hf_xet-1.6.0-cp38-abi3-macosx_11_0_arm64.whl.metadata (4.9 kB)
Collecting httpx<1,>=0.23.0 (from huggingface-hub<2.0,>=1.5.0->transformers>=5.0.0->mlx-lm==0.31.3)
  Using cached httpx-0.28.1-py3-none-any.whl.metadata (7.1 kB)
Collecting typing-extensions>=4.1.0 (from huggingface-hub<2.0,>=1.5.0->transformers>=5.0.0->mlx-lm==0.31.3)
  Using cached typing_extensions-4.16.0-py3-none-any.whl.metadata (3.3 kB)
Collecting anyio (from httpx<1,>=0.23.0->huggingface-hub<2.0,>=1.5.0->transformers>=5.0.0->mlx-lm==0.31.3)
  Downloading anyio-4.14.2-py3-none-any.whl.metadata (4.6 kB)
Collecting certifi (from httpx<1,>=0.23.0->huggingface-hub<2.0,>=1.5.0->transformers>=5.0.0->mlx-lm==0.31.3)
  Using cached certifi-2026.7.22-py3-none-any.whl.metadata (2.5 kB)
Collecting httpcore==1.* (from httpx<1,>=0.23.0->huggingface-hub<2.0,>=1.5.0->transformers>=5.0.0->mlx-lm==0.31.3)
  Using cached httpcore-1.0.9-py3-none-any.whl.metadata (21 kB)
Collecting idna (from httpx<1,>=0.23.0->huggingface-hub<2.0,>=1.5.0->transformers>=5.0.0->mlx-lm==0.31.3)
  Using cached idna-3.19-py3-none-any.whl.metadata (9.2 kB)
Collecting h11>=0.16 (from httpcore==1.*->httpx<1,>=0.23.0->huggingface-hub<2.0,>=1.5.0->transformers>=5.0.0->mlx-lm==0.31.3)
  Using cached h11-0.16.0-py3-none-any.whl.metadata (8.3 kB)
Collecting MarkupSafe>=2.0 (from jinja2->mlx-lm==0.31.3)
  Downloading markupsafe-3.0.3-cp312-cp312-macosx_11_0_arm64.whl.metadata (2.7 kB)
Collecting shellingham>=1.3.0 (from typer->transformers>=5.0.0->mlx-lm==0.31.3)
  Using cached shellingham-1.5.4-py2.py3-none-any.whl.metadata (3.5 kB)
Collecting rich>=13.8.0 (from typer->transformers>=5.0.0->mlx-lm==0.31.3)
  Using cached rich-15.0.0-py3-none-any.whl.metadata (18 kB)
Collecting annotated-doc>=0.0.2 (from typer->transformers>=5.0.0->mlx-lm==0.31.3)
  Downloading annotated_doc-0.0.5-py3-none-any.whl.metadata (6.5 kB)
Collecting markdown-it-py>=2.2.0 (from rich>=13.8.0->typer->transformers>=5.0.0->mlx-lm==0.31.3)
  Downloading markdown_it_py-4.2.0-py3-none-any.whl.metadata (7.4 kB)
Collecting pygments<3.0.0,>=2.13.0 (from rich>=13.8.0->typer->transformers>=5.0.0->mlx-lm==0.31.3)
  Downloading pygments-2.21.0-py3-none-any.whl.metadata (2.5 kB)
Collecting mdurl~=0.1 (from markdown-it-py>=2.2.0->rich>=13.8.0->typer->transformers>=5.0.0->mlx-lm==0.31.3)
  Using cached mdurl-0.1.2-py3-none-any.whl.metadata (1.6 kB)
Downloading mlx_lm-0.31.3-py3-none-any.whl (408 kB)
Downloading mlx-0.32.2-cp312-cp312-macosx_26_0_arm64.whl (619 kB)
   ━━━━━━━━━━━━━━━━━━━━━━━━━━━━━━━━━━━━━━━━ 619.5/619.5 kB 20.4 MB/s  0:00:00
Downloading mlx_metal-0.32.2-py3-none-macosx_26_0_arm64.whl (64.4 MB)
   ━━━━━━━━━━━━━━━━━━━━━━━━━━━━━━━━━━━━━━━━ 64.4/64.4 MB 31.5 MB/s  0:00:02
Downloading transformers-5.15.1-py3-none-any.whl (11.7 MB)
   ━━━━━━━━━━━━━━━━━━━━━━━━━━━━━━━━━━━━━━━━ 11.7/11.7 MB 30.9 MB/s  0:00:00
Downloading huggingface_hub-1.28.0-py3-none-any.whl (793 kB)
   ━━━━━━━━━━━━━━━━━━━━━━━━━━━━━━━━━━━━━━━━ 793.2/793.2 kB 23.8 MB/s  0:00:00
Downloading click-8.4.2-py3-none-any.whl (119 kB)
Using cached hf_xet-1.6.0-cp38-abi3-macosx_11_0_arm64.whl (3.9 MB)
Using cached httpx-0.28.1-py3-none-any.whl (73 kB)
Using cached httpcore-1.0.9-py3-none-any.whl (78 kB)
Using cached tokenizers-0.22.2-cp39-abi3-macosx_11_0_arm64.whl (3.0 MB)
Downloading filelock-3.32.4-py3-none-any.whl (99 kB)
Downloading fsspec-2026.7.0-py3-none-any.whl (206 kB)
Using cached h11-0.16.0-py3-none-any.whl (37 kB)
Downloading numpy-2.5.2-cp312-cp312-macosx_14_0_arm64.whl (5.4 MB)
   ━━━━━━━━━━━━━━━━━━━━━━━━━━━━━━━━━━━━━━━━ 5.4/5.4 MB 29.9 MB/s  0:00:00
Using cached packaging-26.3-py3-none-any.whl (129 kB)
Using cached pyyaml-6.0.3-cp312-cp312-macosx_11_0_arm64.whl (173 kB)
Downloading regex-2026.7.19-cp312-cp312-macosx_11_0_arm64.whl (292 kB)
Downloading safetensors-0.8.0-cp310-abi3-macosx_11_0_arm64.whl (484 kB)
Using cached tqdm-4.70.0-py3-none-any.whl (80 kB)
Using cached typing_extensions-4.16.0-py3-none-any.whl (45 kB)
Downloading anyio-4.14.2-py3-none-any.whl (125 kB)
Using cached idna-3.19-py3-none-any.whl (68 kB)
Using cached certifi-2026.7.22-py3-none-any.whl (136 kB)
Using cached jinja2-3.1.6-py3-none-any.whl (134 kB)
Downloading markupsafe-3.0.3-cp312-cp312-macosx_11_0_arm64.whl (12 kB)
Downloading protobuf-7.36.0-cp310-abi3-macosx_10_9_universal2.whl (453 kB)
Downloading sentencepiece-0.2.2-cp312-cp312-macosx_11_0_arm64.whl (1.3 MB)
   ━━━━━━━━━━━━━━━━━━━━━━━━━━━━━━━━━━━━━━━━ 1.3/1.3 MB 27.1 MB/s  0:00:00
Downloading typer-0.27.1-py3-none-any.whl (122 kB)
Downloading annotated_doc-0.0.5-py3-none-any.whl (5.3 kB)
Using cached rich-15.0.0-py3-none-any.whl (310 kB)
Downloading pygments-2.21.0-py3-none-any.whl (1.3 MB)
   ━━━━━━━━━━━━━━━━━━━━━━━━━━━━━━━━━━━━━━━━ 1.3/1.3 MB 25.8 MB/s  0:00:00
Downloading markdown_it_py-4.2.0-py3-none-any.whl (91 kB)
Using cached mdurl-0.1.2-py3-none-any.whl (10.0 kB)
Using cached shellingham-1.5.4-py2.py3-none-any.whl (9.8 kB)
Installing collected packages: typing-extensions, tqdm, shellingham, sentencepiece, safetensors, regex, pyyaml, pygments, protobuf, packaging, numpy, mlx-metal, mdurl, MarkupSafe, idna, hf-xet, h11, fsspec, filelock, click, certifi, annotated-doc, mlx, markdown-it-py, jinja2, httpcore, anyio, rich, httpx, typer, huggingface-hub, tokenizers, transformers, mlx-lm

Successfully installed MarkupSafe-3.0.3 annotated-doc-0.0.5 anyio-4.14.2 certifi-2026.7.22 click-8.4.2 filelock-3.32.4 fsspec-2026.7.0 h11-0.16.0 hf-xet-1.6.0 httpcore-1.0.9 httpx-0.28.1 huggingface-hub-1.28.0 idna-3.19 jinja2-3.1.6 markdown-it-py-4.2.0 mdurl-0.1.2 mlx-0.32.2 mlx-lm-0.31.3 mlx-metal-0.32.2 numpy-2.5.2 packaging-26.3 protobuf-7.36.0 pygments-2.21.0 pyyaml-6.0.3 regex-2026.7.19 rich-15.0.0 safetensors-0.8.0 sentencepiece-0.2.2 shellingham-1.5.4 tokenizers-0.22.2 tqdm-4.70.0 transformers-5.15.1 typer-0.27.1 typing-extensions-4.16.0
